============================= test session starts =============================
platform win32 -- Python 3.13.9, pytest-9.0.1, pluggy-1.6.0
rootdir: D:\CodeBackground\huggingface-lifecycle
configfile: pyproject.toml
plugins: cov-7.0.0, xdist-3.8.0
collected 0 items / 1 error

=================================== ERRORS ====================================
___________________ ERROR collecting tests/test_dataset.py ____________________
ImportError while importing test module 'D:\CodeBackground\huggingface-lifecycle\tests\test_dataset.py'.
Hint: make sure your test modules/packages have valid Python names.
Traceback:
C:\Program Files\WindowsApps\PythonSoftwareFoundation.Python.3.13_3.13.2544.0_x64__qbz5n2kfra8p0\Lib\importlib\__init__.py:88: in import_module
    return _bootstrap._gcd_import(name[level:], package, level)
           ^^^^^^^^^^^^^^^^^^^^^^^^^^^^^^^^^^^^^^^^^^^^^^^^^^^^
tests\test_dataset.py:2: in <module>
    import pandas as pd
E   ModuleNotFoundError: No module named 'pandas'
=========================== short test summary info ===========================
ERROR tests/test_dataset.py
!!!!!!!!!!!!!!!!!!! Interrupted: 1 error during collection !!!!!!!!!!!!!!!!!!!!
============================== 1 error in 1.02s ===============================
